// Jest Snapshot v1, https://goo.gl/fbAQLP

exports[`Render test WHEN I render the component THEN it should match the snapshot 1`] = `
<div
  className="sc-bdfBwQ ixcnvM"
>
  <div>
    foo-boo
  </div>
</div>
`;
